Program
  List
    Function
      IdDecl ID="sum"
      List
        DeclareVar
          IdDecl ID="a"
          List
        DeclareVar
          IdDecl ID="b"
          List
        AssignVar
          IdDecl ID="a"
          Numeral NUMERAL="2"
        AssignVar
          IdDecl ID="b"
          Numeral NUMERAL="3"
        AssignVar
          IdDecl ID="c"
          Add
            IdUse ID="a"
            IdUse ID="b"
