Program
  List
    Function
      IdDecl ID="result"
      List
        DeclareVar
          IdDecl ID="a"
        DeclareVar
          IdDecl ID="b"
        AssignVar
          IdDecl ID="a"
          Numeral NUMERAL="2"
        AssignVar
          IdDecl ID="b"
          Numeral NUMERAL="3"
        AssignVar
          IdDecl ID="c"
          Mul
            Add
              IdUse ID="a"
              IdUse ID="b"
            Numeral NUMERAL="2"
        AssignVar
          IdDecl ID="d"
          Add
            Mul
              Numeral NUMERAL="2"
              IdUse ID="a"
            IdUse ID="b"
