Program
  List
    Function
      IdDecl ID="gcd1"
      Opt
        List
          Param
            IdDecl ID="a"
          Param
            IdDecl ID="b"
      Opt
        List
          While
            Not
              IdUse ID="a"
              IdUse ID="b"
            List
              IfElse
                Greater
                  IdUse ID="a"
                  IdUse ID="b"
                List
                  AssignVar
                    IdDecl ID="a"
                    Sub
                      IdUse ID="a"
                      IdUse ID="b"
                Opt
                  List
                    AssignVar
                      IdDecl ID="b"
                      Sub
                        IdUse ID="b"
                        IdUse ID="a"
          Return
            IdUse ID="a"
    Function
      IdDecl ID="gcd2"
      Opt
        List
          Param
            IdDecl ID="a"
          Param
            IdDecl ID="b"
      Opt
        List
          IfElse
            Equal
              IdUse ID="b"
              Numeral NUMERAL="0"
            List
              Return
                IdUse ID="a"
            Opt
          Return
            FunctionCall
              IdUse ID="gcd2"
              Opt
                List
                  IdUse ID="b"
                  Mod
                    IdUse ID="a"
                    IdUse ID="b"
    Function
      IdDecl ID="main"
      Opt
      Opt
        List
          DeclareVar
            IdDecl ID="a"
            Opt
          DeclareVar
            IdDecl ID="b"
            Opt
          AssignVar
            IdDecl ID="a"
            FunctionCall
              IdUse ID="read"
              Opt
          AssignVar
            IdDecl ID="b"
            FunctionCall
              IdUse ID="read"
              Opt
          FunctionCallStmt
            FunctionCall
              IdUse ID="print"
              Opt
                List
                  FunctionCall
                    IdUse ID="gcd1"
                    Opt
                      List
                        IdUse ID="a"
                        IdUse ID="b"
          FunctionCallStmt
            FunctionCall
              IdUse ID="print"
              Opt
                List
                  FunctionCall
                    IdUse ID="gcd2"
                    Opt
                      List
                        IdUse ID="a"
                        IdUse ID="b"
          DeclareVar
            IdDecl ID="diff"
            Opt
              Sub
                FunctionCall
                  IdUse ID="gcd1"
                  Opt
                    List
                      IdUse ID="a"
                      IdUse ID="b"
                FunctionCall
                  IdUse ID="gcd2"
                  Opt
                    List
                      IdUse ID="a"
                      IdUse ID="b"
          FunctionCallStmt
            FunctionCall
              IdUse ID="print"
              Opt
                List
                  IdUse ID="diff"
          Return
            Numeral NUMERAL="0"
