Program
  List
    Function
      IdDecl ID="gcd1"
      Opt
        List
          Param
            IdDecl ID="a"
          Param
            IdDecl ID="b"
      Opt
        List
          While
            Not
              IdUse ID="a"
              IdUse ID="b"
            List
              IfElse
                Greater
                  IdUse ID="a"
                  IdUse ID="b"
                List
                  AssignVar
                    IdDecl ID="a"
                    Sub
                      IdUse ID="a"
                      IdUse ID="b"
                Opt
                  List
                    AssignVar
                      IdDecl ID="b"
                      Sub
                        IdUse ID="b"
                        IdUse ID="a"
          Return
            IdUse ID="a"
