Program
  List
    Function
      IdDecl ID="n"
      Opt
        List
          DeclareVar
            IdDecl ID="a"
            Opt
              List
                Numeral NUMERAL="2"
          IfElse
            Equal
              IdUse ID="a"
              Numeral NUMERAL="2"
            List
              AssignVar
                IdDecl ID="b"
                Numeral NUMERAL="3"
              AssignVar
                IdDecl ID="c"
                Numeral NUMERAL="4"
            Opt
              List
                AssignVar
                  IdDecl ID="b"
                  Numeral NUMERAL="4"
                AssignVar
                  IdDecl ID="c"
                  Numeral NUMERAL="5"
