Program
  List
    Function
      IdDecl ID="n"
      List
        DeclareVar
          IdDecl ID="c"
          List
        DeclareVar
          IdDecl ID="d"
          List
        AssignVar
          IdDecl ID="c"
          Numeral NUMERAL="3"
        AssignVar
          IdDecl ID="d"
          Numeral NUMERAL="4"
        AssignVar
          IdDecl ID="e"
          Mod
            IdUse ID="c"
            IdUse ID="d"
