Program
  List
    Function
      IdDecl ID="a"
      Opt
        List
          DeclareVar
            IdDecl ID="x"
            List
          DeclareVar
            IdDecl ID="y"
            List
          AssignVar
            IdDecl ID="x"
            Numeral NUMERAL="5"
          AssignVar
            IdDecl ID="y"
            IdUse ID="x"
